Archive member included because of file (symbol)

../mem_test_bsp/\libhal_bsp.a(alt_load.o)
                              ../mem_test_bsp//obj/HAL/src/crt0.o (alt_load)
../mem_test_bsp/\libhal_bsp.a(alt_main.o)
                              ../mem_test_bsp//obj/HAL/src/crt0.o (alt_main)
../mem_test_bsp/\libhal_bsp.a(alt_usleep.o)
                              obj/default/memtest_small.o (usleep)
../mem_test_bsp/\libhal_bsp.a(alt_sys_init.o)
                              ../mem_test_bsp/\libhal_bsp.a(alt_main.o) (alt_sys_init)
../mem_test_bsp/\libhal_bsp.a(alt_busy_sleep.o)
                              ../mem_test_bsp/\libhal_bsp.a(alt_usleep.o) (alt_busy_sleep)
../mem_test_bsp/\libhal_bsp.a(alt_dcache_flush_all.o)
                              ../mem_test_bsp/\libhal_bsp.a(alt_load.o) (alt_dcache_flush_all)
../mem_test_bsp/\libhal_bsp.a(alt_icache_flush_all.o)
                              ../mem_test_bsp/\libhal_bsp.a(alt_load.o) (alt_icache_flush_all)
../mem_test_bsp/\libhal_bsp.a(altera_nios2_qsys_irq.o)
                              ../mem_test_bsp/\libhal_bsp.a(alt_sys_init.o) (altera_nios2_qsys_irq_init)
../mem_test_bsp/\libhal_bsp.a(alt_icache_flush.o)
                              ../mem_test_bsp/\libhal_bsp.a(alt_icache_flush_all.o) (alt_icache_flush)
d:/altera/13.0/nios2eds/bin/gnu/h-i686-mingw32/bin/../lib/gcc/nios2-elf/4.1.2\libgcc.a(lib2-divmod.o)
                              ../mem_test_bsp/\libhal_bsp.a(alt_busy_sleep.o) (__udivsi3)

Memory Configuration

Name             Origin             Length             Attributes
reset            0x00000000         0x00000020
ram              0x00000020         0x00003fe0
sdram            0x01000000         0x01000000
*default*        0x00000000         0xffffffff

Linker script and memory map

LOAD ../mem_test_bsp//obj/HAL/src/crt0.o
                0x0000001c                exit = _exit
LOAD obj/default/memtest_small.o
LOAD d:/altera/13.0/nios2eds/bin/gnu/h-i686-mingw32/bin/../lib/gcc/nios2-elf/4.1.2/../../../../nios2-elf/lib\libstdc++.a
LOAD d:/altera/13.0/nios2eds/bin/gnu/h-i686-mingw32/bin/../lib/gcc/nios2-elf/4.1.2/../../../../nios2-elf/lib\libm.a
LOAD d:/altera/13.0/nios2eds/bin/gnu/h-i686-mingw32/bin/../lib/gcc/nios2-elf/4.1.2\libgcc.a
START GROUP
LOAD d:/altera/13.0/nios2eds/bin/gnu/h-i686-mingw32/bin/../lib/gcc/nios2-elf/4.1.2/../../../../nios2-elf/lib\libsmallc.a
LOAD d:/altera/13.0/nios2eds/bin/gnu/h-i686-mingw32/bin/../lib/gcc/nios2-elf/4.1.2\libgcc.a
LOAD ../mem_test_bsp/\libhal_bsp.a
END GROUP
LOAD d:/altera/13.0/nios2eds/bin/gnu/h-i686-mingw32/bin/../lib/gcc/nios2-elf/4.1.2\libgcc.a
                0x00000000                __alt_mem_ram = 0x0
                0x01000000                __alt_mem_sdram = 0x1000000

.entry          0x00000000       0x20
 *(.entry)
 .entry         0x00000000       0x20 ../mem_test_bsp//obj/HAL/src/crt0.o
                0x00000000                __reset
                0x0000001c                _exit

.exceptions     0x00000020        0x0
                0x00000020                PROVIDE (__ram_exceptions_start, ABSOLUTE (.))
                0x00000020                . = ALIGN (0x20)
 *(.irq)
 *(.exceptions.entry.label)
 *(.exceptions.entry.user)
 *(.exceptions.entry)
 *(.exceptions.irqtest.user)
 *(.exceptions.irqtest)
 *(.exceptions.irqhandler.user)
 *(.exceptions.irqhandler)
 *(.exceptions.irqreturn.user)
 *(.exceptions.irqreturn)
 *(.exceptions.notirq.label)
 *(.exceptions.notirq.user)
 *(.exceptions.notirq)
 *(.exceptions.soft.user)
 *(.exceptions.soft)
 *(.exceptions.unknown.user)
 *(.exceptions.unknown)
 *(.exceptions.exit.label)
 *(.exceptions.exit.user)
 *(.exceptions.exit)
 *(.exceptions)
                0x00000020                PROVIDE (__ram_exceptions_end, ABSOLUTE (.))
                0x00000020                PROVIDE (__flash_exceptions_start, LOADADDR (.exceptions))

.text           0x00000020      0x688
                0x00000020                PROVIDE (stext, ABSOLUTE (.))
 *(.interp)
 *(.hash)
 *(.dynsym)
 *(.dynstr)
 *(.gnu.version)
 *(.gnu.version_d)
 *(.gnu.version_r)
 *(.rel.init)
 *(.rela.init)
 *(.rel.text .rel.text.* .rel.gnu.linkonce.t.*)
 *(.rela.text .rela.text.* .rela.gnu.linkonce.t.*)
 *(.rel.fini)
 *(.rela.fini)
 *(.rel.rodata .rel.rodata.* .rel.gnu.linkonce.r.*)
 *(.rela.rodata .rela.rodata.* .rela.gnu.linkonce.r.*)
 *(.rel.data .rel.data.* .rel.gnu.linkonce.d.*)
 *(.rela.data .rela.data.* .rela.gnu.linkonce.d.*)
 *(.rel.tdata .rel.tdata.* .rel.gnu.linkonce.td.*)
 *(.rela.tdata .rela.tdata.* .rela.gnu.linkonce.td.*)
 *(.rel.tbss .rel.tbss.* .rel.gnu.linkonce.tb.*)
 *(.rela.tbss .rela.tbss.* .rela.gnu.linkonce.tb.*)
 *(.rel.ctors)
 *(.rela.ctors)
 *(.rel.dtors)
 *(.rela.dtors)
 *(.rel.got)
 *(.rela.got)
 *(.rel.sdata .rel.sdata.* .rel.gnu.linkonce.s.*)
 *(.rela.sdata .rela.sdata.* .rela.gnu.linkonce.s.*)
 *(.rel.sbss .rel.sbss.* .rel.gnu.linkonce.sb.*)
 *(.rela.sbss .rela.sbss.* .rela.gnu.linkonce.sb.*)
 *(.rel.sdata2 .rel.sdata2.* .rel.gnu.linkonce.s2.*)
 *(.rela.sdata2 .rela.sdata2.* .rela.gnu.linkonce.s2.*)
 *(.rel.sbss2 .rel.sbss2.* .rel.gnu.linkonce.sb2.*)
 *(.rela.sbss2 .rela.sbss2.* .rela.gnu.linkonce.sb2.*)
 *(.rel.bss .rel.bss.* .rel.gnu.linkonce.b.*)
 *(.rela.bss .rela.bss.* .rela.gnu.linkonce.b.*)
 *(.rel.plt)
 *(.rela.plt)
 *(.rel.dyn)
 *(.init)
 *(.plt)
 *(.text .stub .text.* .gnu.linkonce.t.*)
 .text          0x00000020       0x4c ../mem_test_bsp//obj/HAL/src/crt0.o
                0x00000020                _start
 .text          0x0000006c      0x330 obj/default/memtest_small.o
                0x0000006c                led_flash
                0x000000c8                main
 .text          0x0000039c       0x8c ../mem_test_bsp/\libhal_bsp.a(alt_load.o)
                0x000003bc                alt_load
 .text          0x00000428       0x2c ../mem_test_bsp/\libhal_bsp.a(alt_main.o)
                0x00000428                alt_main
 .text          0x00000454        0x4 ../mem_test_bsp/\libhal_bsp.a(alt_usleep.o)
                0x00000454                usleep
 .text          0x00000458       0x24 ../mem_test_bsp/\libhal_bsp.a(alt_sys_init.o)
                0x00000458                alt_sys_init
                0x0000045c                alt_irq_init
 .text          0x0000047c       0x7c ../mem_test_bsp/\libhal_bsp.a(alt_busy_sleep.o)
                0x0000047c                alt_busy_sleep
 .text          0x000004f8       0x18 ../mem_test_bsp/\libhal_bsp.a(alt_dcache_flush_all.o)
                0x000004f8                alt_dcache_flush_all
 .text          0x00000510        0xc ../mem_test_bsp/\libhal_bsp.a(alt_icache_flush_all.o)
                0x00000510                alt_icache_flush_all
 .text          0x0000051c        0x8 ../mem_test_bsp/\libhal_bsp.a(altera_nios2_qsys_irq.o)
                0x0000051c                altera_nios2_qsys_irq_init
 .text          0x00000524       0x38 ../mem_test_bsp/\libhal_bsp.a(alt_icache_flush.o)
                0x00000524                alt_icache_flush
 .text          0x0000055c      0x14c d:/altera/13.0/nios2eds/bin/gnu/h-i686-mingw32/bin/../lib/gcc/nios2-elf/4.1.2\libgcc.a(lib2-divmod.o)
                0x000005d8                __divsi3
                0x00000638                __modsi3
                0x00000698                __udivsi3
                0x000006a0                __umodsi3
 *(.gnu.warning.*)
 *(.fini)
                0x000006a8                PROVIDE (__etext, ABSOLUTE (.))
                0x000006a8                PROVIDE (_etext, ABSOLUTE (.))
                0x000006a8                PROVIDE (etext, ABSOLUTE (.))
 *(.eh_frame_hdr)
                0x000006a8                . = ALIGN (0x4)
                0x000006a8                PROVIDE (__preinit_array_start, ABSOLUTE (.))
 *(.preinit_array)
                0x000006a8                PROVIDE (__preinit_array_end, ABSOLUTE (.))
                0x000006a8                PROVIDE (__init_array_start, ABSOLUTE (.))
 *(.init_array)
                0x000006a8                PROVIDE (__init_array_end, ABSOLUTE (.))
                0x000006a8                PROVIDE (__fini_array_start, ABSOLUTE (.))
 *(.fini_array)
                0x000006a8                PROVIDE (__fini_array_end, ABSOLUTE (.))
 *(.eh_frame)
 *(.gcc_except_table)
 *(.dynamic)
                0x000006a8                PROVIDE (__CTOR_LIST__, ABSOLUTE (.))
 *(.ctors)
 *(SORT(.ctors.*))
                0x000006a8                PROVIDE (__CTOR_END__, ABSOLUTE (.))
                0x000006a8                PROVIDE (__DTOR_LIST__, ABSOLUTE (.))
 *(.dtors)
 *(SORT(.dtors.*))
                0x000006a8                PROVIDE (__DTOR_END__, ABSOLUTE (.))
 *(.jcr)
                0x000006a8                . = ALIGN (0x4)

.rodata         0x000006a8        0x0
                0x000006a8                PROVIDE (__ram_rodata_start, ABSOLUTE (.))
                0x000006a8                . = ALIGN (0x4)
 *(.rodata .rodata.* .gnu.linkonce.r.*)
 *(.rodata1)
                0x000006a8                . = ALIGN (0x4)
                0x000006a8                PROVIDE (__ram_rodata_end, ABSOLUTE (.))
                0x000006a8                PROVIDE (__flash_rodata_start, LOADADDR (.rodata))

.rwdata         0x000006a8        0x4 load address 0x000006ac
                0x000006a8                PROVIDE (__ram_rwdata_start, ABSOLUTE (.))
                0x000006a8                . = ALIGN (0x4)
 *(.got.plt)
 *(.got)
 *(.data1)
 *(.data .data.* .gnu.linkonce.d.*)
 .data          0x000006a8        0x0 ../mem_test_bsp//obj/HAL/src/crt0.o
 .data          0x000006a8        0x0 obj/default/memtest_small.o
 .data          0x000006a8        0x0 ../mem_test_bsp/\libhal_bsp.a(alt_load.o)
 .data          0x000006a8        0x0 ../mem_test_bsp/\libhal_bsp.a(alt_main.o)
 .data          0x000006a8        0x0 ../mem_test_bsp/\libhal_bsp.a(alt_usleep.o)
 .data          0x000006a8        0x0 ../mem_test_bsp/\libhal_bsp.a(alt_sys_init.o)
 .data          0x000006a8        0x0 ../mem_test_bsp/\libhal_bsp.a(alt_busy_sleep.o)
 .data          0x000006a8        0x0 ../mem_test_bsp/\libhal_bsp.a(alt_dcache_flush_all.o)
 .data          0x000006a8        0x0 ../mem_test_bsp/\libhal_bsp.a(alt_icache_flush_all.o)
 .data          0x000006a8        0x0 ../mem_test_bsp/\libhal_bsp.a(altera_nios2_qsys_irq.o)
 .data          0x000006a8        0x0 ../mem_test_bsp/\libhal_bsp.a(alt_icache_flush.o)
 .data          0x000006a8        0x0 d:/altera/13.0/nios2eds/bin/gnu/h-i686-mingw32/bin/../lib/gcc/nios2-elf/4.1.2\libgcc.a(lib2-divmod.o)
                0x000086a8                _gp = ABSOLUTE ((. + 0x8000))
                0x000086a8                PROVIDE (gp, _gp)
 *(.rwdata .rwdata.*)
 *(.sdata .sdata.* .gnu.linkonce.s.*)
 .sdata         0x000006a8        0x4 ../mem_test_bsp/\libhal_bsp.a(alt_sys_init.o)
                0x000006a8                jtag_uart_0
 *(.sdata2 .sdata2.* .gnu.linkonce.s2.*)
                0x000006ac                . = ALIGN (0x4)
                0x000006ac                _edata = ABSOLUTE (.)
                0x000006ac                PROVIDE (edata, ABSOLUTE (.))
                0x000006ac                PROVIDE (__ram_rwdata_end, ABSOLUTE (.))
                0x000006ac                PROVIDE (__flash_rwdata_start, LOADADDR (.rwdata))

.bss            0x000006b0        0xc
                0x000006b0                __bss_start = ABSOLUTE (.)
                0x000006b0                PROVIDE (__sbss_start, ABSOLUTE (.))
                0x000006b0                PROVIDE (___sbss_start, ABSOLUTE (.))
 *(.dynsbss)
 *(.sbss .sbss.* .gnu.linkonce.sb.*)
 .sbss          0x000006b0        0xc ../mem_test_bsp/\libhal_bsp.a(alt_main.o)
                0x000006b0                alt_argc
                0x000006b4                alt_argv
                0x000006b8                alt_envp
 *(.sbss2 .sbss2.* .gnu.linkonce.sb2.*)
 *(.scommon)
                0x000006bc                PROVIDE (__sbss_end, ABSOLUTE (.))
                0x000006bc                PROVIDE (___sbss_end, ABSOLUTE (.))
 *(.dynbss)
 *(.bss .bss.* .gnu.linkonce.b.*)
 .bss           0x000006bc        0x0 ../mem_test_bsp//obj/HAL/src/crt0.o
 .bss           0x000006bc        0x0 obj/default/memtest_small.o
 .bss           0x000006bc        0x0 ../mem_test_bsp/\libhal_bsp.a(alt_load.o)
 .bss           0x000006bc        0x0 ../mem_test_bsp/\libhal_bsp.a(alt_main.o)
 .bss           0x000006bc        0x0 ../mem_test_bsp/\libhal_bsp.a(alt_usleep.o)
 .bss           0x000006bc        0x0 ../mem_test_bsp/\libhal_bsp.a(alt_sys_init.o)
 .bss           0x000006bc        0x0 ../mem_test_bsp/\libhal_bsp.a(alt_busy_sleep.o)
 .bss           0x000006bc        0x0 ../mem_test_bsp/\libhal_bsp.a(alt_dcache_flush_all.o)
 .bss           0x000006bc        0x0 ../mem_test_bsp/\libhal_bsp.a(alt_icache_flush_all.o)
 .bss           0x000006bc        0x0 ../mem_test_bsp/\libhal_bsp.a(altera_nios2_qsys_irq.o)
 .bss           0x000006bc        0x0 ../mem_test_bsp/\libhal_bsp.a(alt_icache_flush.o)
 .bss           0x000006bc        0x0 d:/altera/13.0/nios2eds/bin/gnu/h-i686-mingw32/bin/../lib/gcc/nios2-elf/4.1.2\libgcc.a(lib2-divmod.o)
 *(COMMON)
                0x000006bc                . = ALIGN (0x4)
                0x000006bc                __bss_end = ABSOLUTE (.)

.ram            0x000006bc        0x0
                0x000006bc                PROVIDE (_alt_partition_ram_start, ABSOLUTE (.))
 *(.ram. ram.*)
                0x000006bc                . = ALIGN (0x4)
                0x000006bc                PROVIDE (_alt_partition_ram_end, ABSOLUTE (.))
                0x000006bc                _end = ABSOLUTE (.)
                0x000006bc                end = ABSOLUTE (.)
                0x000006bc                __alt_stack_base = ABSOLUTE (.)
                0x000006bc                PROVIDE (_alt_partition_ram_load_addr, LOADADDR (.ram))

.sdram          0x01000000        0x0 load address 0x000006bc
                0x01000000                PROVIDE (_alt_partition_sdram_start, ABSOLUTE (.))
 *(.sdram. sdram.*)
                0x01000000                . = ALIGN (0x4)
                0x01000000                PROVIDE (_alt_partition_sdram_end, ABSOLUTE (.))
                0x000006bc                PROVIDE (_alt_partition_sdram_load_addr, LOADADDR (.sdram))

.stab
 *(.stab)

.stabstr
 *(.stabstr)

.stab.excl
 *(.stab.excl)

.stab.exclstr
 *(.stab.exclstr)

.stab.index
 *(.stab.index)

.stab.indexstr
 *(.stab.indexstr)

.comment        0x00000000       0x23
 *(.comment)
 .comment       0x00000000       0x23 obj/default/memtest_small.o
                                 0x24 (size before relaxing)
 .comment       0x00000000       0x24 ../mem_test_bsp/\libhal_bsp.a(alt_load.o)
 .comment       0x00000000       0x24 ../mem_test_bsp/\libhal_bsp.a(alt_main.o)
 .comment       0x00000000       0x24 ../mem_test_bsp/\libhal_bsp.a(alt_usleep.o)
 .comment       0x00000000       0x24 ../mem_test_bsp/\libhal_bsp.a(alt_sys_init.o)
 .comment       0x00000000       0x24 ../mem_test_bsp/\libhal_bsp.a(alt_busy_sleep.o)
 .comment       0x00000000       0x24 ../mem_test_bsp/\libhal_bsp.a(alt_dcache_flush_all.o)
 .comment       0x00000000       0x24 ../mem_test_bsp/\libhal_bsp.a(alt_icache_flush_all.o)
 .comment       0x00000000       0x24 ../mem_test_bsp/\libhal_bsp.a(altera_nios2_qsys_irq.o)
 .comment       0x00000000       0x24 ../mem_test_bsp/\libhal_bsp.a(alt_icache_flush.o)
 .comment       0x00000000       0x24 d:/altera/13.0/nios2eds/bin/gnu/h-i686-mingw32/bin/../lib/gcc/nios2-elf/4.1.2\libgcc.a(lib2-divmod.o)

.debug
 *(.debug)

.line
 *(.line)

.debug_srcinfo
 *(.debug_srcinfo)

.debug_sfnames
 *(.debug_sfnames)

.debug_aranges  0x00000000      0x188
 *(.debug_aranges)
 .debug_aranges
                0x00000000       0x28 ../mem_test_bsp//obj/HAL/src/crt0.o
 .debug_aranges
                0x00000028       0x20 obj/default/memtest_small.o
 .debug_aranges
                0x00000048       0x20 ../mem_test_bsp/\libhal_bsp.a(alt_load.o)
 .debug_aranges
                0x00000068       0x20 ../mem_test_bsp/\libhal_bsp.a(alt_main.o)
 .debug_aranges
                0x00000088       0x20 ../mem_test_bsp/\libhal_bsp.a(alt_usleep.o)
 .debug_aranges
                0x000000a8       0x20 ../mem_test_bsp/\libhal_bsp.a(alt_sys_init.o)
 .debug_aranges
                0x000000c8       0x20 ../mem_test_bsp/\libhal_bsp.a(alt_busy_sleep.o)
 .debug_aranges
                0x000000e8       0x20 ../mem_test_bsp/\libhal_bsp.a(alt_dcache_flush_all.o)
 .debug_aranges
                0x00000108       0x20 ../mem_test_bsp/\libhal_bsp.a(alt_icache_flush_all.o)
 .debug_aranges
                0x00000128       0x20 ../mem_test_bsp/\libhal_bsp.a(altera_nios2_qsys_irq.o)
 .debug_aranges
                0x00000148       0x20 ../mem_test_bsp/\libhal_bsp.a(alt_icache_flush.o)
 .debug_aranges
                0x00000168       0x20 d:/altera/13.0/nios2eds/bin/gnu/h-i686-mingw32/bin/../lib/gcc/nios2-elf/4.1.2\libgcc.a(lib2-divmod.o)

.debug_pubnames
                0x00000000      0x20a
 *(.debug_pubnames)
 .debug_pubnames
                0x00000000       0x29 obj/default/memtest_small.o
 .debug_pubnames
                0x00000029       0x1f ../mem_test_bsp/\libhal_bsp.a(alt_load.o)
 .debug_pubnames
                0x00000048       0x46 ../mem_test_bsp/\libhal_bsp.a(alt_main.o)
 .debug_pubnames
                0x0000008e       0x1d ../mem_test_bsp/\libhal_bsp.a(alt_usleep.o)
 .debug_pubnames
                0x000000ab       0x44 ../mem_test_bsp/\libhal_bsp.a(alt_sys_init.o)
 .debug_pubnames
                0x000000ef       0x25 ../mem_test_bsp/\libhal_bsp.a(alt_busy_sleep.o)
 .debug_pubnames
                0x00000114       0x2b ../mem_test_bsp/\libhal_bsp.a(alt_dcache_flush_all.o)
 .debug_pubnames
                0x0000013f       0x2b ../mem_test_bsp/\libhal_bsp.a(alt_icache_flush_all.o)
 .debug_pubnames
                0x0000016a       0x31 ../mem_test_bsp/\libhal_bsp.a(altera_nios2_qsys_irq.o)
 .debug_pubnames
                0x0000019b       0x27 ../mem_test_bsp/\libhal_bsp.a(alt_icache_flush.o)
 .debug_pubnames
                0x000001c2       0x48 d:/altera/13.0/nios2eds/bin/gnu/h-i686-mingw32/bin/../lib/gcc/nios2-elf/4.1.2\libgcc.a(lib2-divmod.o)

.debug_info     0x00000000      0xce4
 *(.debug_info .gnu.linkonce.wi.*)
 .debug_info    0x00000000       0x65 ../mem_test_bsp//obj/HAL/src/crt0.o
 .debug_info    0x00000065      0x28a obj/default/memtest_small.o
 .debug_info    0x000002ef      0x12e ../mem_test_bsp/\libhal_bsp.a(alt_load.o)
 .debug_info    0x0000041d      0x125 ../mem_test_bsp/\libhal_bsp.a(alt_main.o)
 .debug_info    0x00000542       0xab ../mem_test_bsp/\libhal_bsp.a(alt_usleep.o)
 .debug_info    0x000005ed      0x17d ../mem_test_bsp/\libhal_bsp.a(alt_sys_init.o)
 .debug_info    0x0000076a       0xd0 ../mem_test_bsp/\libhal_bsp.a(alt_busy_sleep.o)
 .debug_info    0x0000083a       0x9f ../mem_test_bsp/\libhal_bsp.a(alt_dcache_flush_all.o)
 .debug_info    0x000008d9       0x8d ../mem_test_bsp/\libhal_bsp.a(alt_icache_flush_all.o)
 .debug_info    0x00000966       0x8d ../mem_test_bsp/\libhal_bsp.a(altera_nios2_qsys_irq.o)
 .debug_info    0x000009f3       0xd5 ../mem_test_bsp/\libhal_bsp.a(alt_icache_flush.o)
 .debug_info    0x00000ac8      0x21c d:/altera/13.0/nios2eds/bin/gnu/h-i686-mingw32/bin/../lib/gcc/nios2-elf/4.1.2\libgcc.a(lib2-divmod.o)

.debug_abbrev   0x00000000      0x650
 *(.debug_abbrev)
 .debug_abbrev  0x00000000       0x12 ../mem_test_bsp//obj/HAL/src/crt0.o
 .debug_abbrev  0x00000012      0x10a obj/default/memtest_small.o
 .debug_abbrev  0x0000011c       0x97 ../mem_test_bsp/\libhal_bsp.a(alt_load.o)
 .debug_abbrev  0x000001b3       0xa6 ../mem_test_bsp/\libhal_bsp.a(alt_main.o)
 .debug_abbrev  0x00000259       0x5d ../mem_test_bsp/\libhal_bsp.a(alt_usleep.o)
 .debug_abbrev  0x000002b6       0xe3 ../mem_test_bsp/\libhal_bsp.a(alt_sys_init.o)
 .debug_abbrev  0x00000399       0x79 ../mem_test_bsp/\libhal_bsp.a(alt_busy_sleep.o)
 .debug_abbrev  0x00000412       0x57 ../mem_test_bsp/\libhal_bsp.a(alt_dcache_flush_all.o)
 .debug_abbrev  0x00000469       0x3f ../mem_test_bsp/\libhal_bsp.a(alt_icache_flush_all.o)
 .debug_abbrev  0x000004a8       0x3f ../mem_test_bsp/\libhal_bsp.a(altera_nios2_qsys_irq.o)
 .debug_abbrev  0x000004e7       0x89 ../mem_test_bsp/\libhal_bsp.a(alt_icache_flush.o)
 .debug_abbrev  0x00000570       0xe0 d:/altera/13.0/nios2eds/bin/gnu/h-i686-mingw32/bin/../lib/gcc/nios2-elf/4.1.2\libgcc.a(lib2-divmod.o)

.debug_line     0x00000000     0x1946
 *(.debug_line)
 .debug_line    0x00000000       0x72 ../mem_test_bsp//obj/HAL/src/crt0.o
 .debug_line    0x00000072      0x3c1 obj/default/memtest_small.o
 .debug_line    0x00000433      0x211 ../mem_test_bsp/\libhal_bsp.a(alt_load.o)
 .debug_line    0x00000644      0x2bc ../mem_test_bsp/\libhal_bsp.a(alt_main.o)
 .debug_line    0x00000900      0x1f9 ../mem_test_bsp/\libhal_bsp.a(alt_usleep.o)
 .debug_line    0x00000af9      0x280 ../mem_test_bsp/\libhal_bsp.a(alt_sys_init.o)
 .debug_line    0x00000d79      0x255 ../mem_test_bsp/\libhal_bsp.a(alt_busy_sleep.o)
 .debug_line    0x00000fce      0x1c7 ../mem_test_bsp/\libhal_bsp.a(alt_dcache_flush_all.o)
 .debug_line    0x00001195      0x1bf ../mem_test_bsp/\libhal_bsp.a(alt_icache_flush_all.o)
 .debug_line    0x00001354      0x1c8 ../mem_test_bsp/\libhal_bsp.a(altera_nios2_qsys_irq.o)
 .debug_line    0x0000151c      0x1db ../mem_test_bsp/\libhal_bsp.a(alt_icache_flush.o)
 .debug_line    0x000016f7      0x24f d:/altera/13.0/nios2eds/bin/gnu/h-i686-mingw32/bin/../lib/gcc/nios2-elf/4.1.2\libgcc.a(lib2-divmod.o)

.debug_frame    0x00000000      0x214
 *(.debug_frame)
 .debug_frame   0x00000000       0x44 obj/default/memtest_small.o
 .debug_frame   0x00000044       0x38 ../mem_test_bsp/\libhal_bsp.a(alt_load.o)
 .debug_frame   0x0000007c       0x28 ../mem_test_bsp/\libhal_bsp.a(alt_main.o)
 .debug_frame   0x000000a4       0x20 ../mem_test_bsp/\libhal_bsp.a(alt_usleep.o)
 .debug_frame   0x000000c4       0x38 ../mem_test_bsp/\libhal_bsp.a(alt_sys_init.o)
 .debug_frame   0x000000fc       0x28 ../mem_test_bsp/\libhal_bsp.a(alt_busy_sleep.o)
 .debug_frame   0x00000124       0x20 ../mem_test_bsp/\libhal_bsp.a(alt_dcache_flush_all.o)
 .debug_frame   0x00000144       0x20 ../mem_test_bsp/\libhal_bsp.a(alt_icache_flush_all.o)
 .debug_frame   0x00000164       0x20 ../mem_test_bsp/\libhal_bsp.a(altera_nios2_qsys_irq.o)
 .debug_frame   0x00000184       0x20 ../mem_test_bsp/\libhal_bsp.a(alt_icache_flush.o)
 .debug_frame   0x000001a4       0x70 d:/altera/13.0/nios2eds/bin/gnu/h-i686-mingw32/bin/../lib/gcc/nios2-elf/4.1.2\libgcc.a(lib2-divmod.o)

.debug_str      0x00000000      0x5ca
 *(.debug_str)
 .debug_str     0x00000000      0x144 obj/default/memtest_small.o
                                0x191 (size before relaxing)
 .debug_str     0x00000144      0x125 ../mem_test_bsp/\libhal_bsp.a(alt_load.o)
                                0x1ba (size before relaxing)
 .debug_str     0x00000269       0x75 ../mem_test_bsp/\libhal_bsp.a(alt_main.o)
                                0x13e (size before relaxing)
 .debug_str     0x000002de       0x27 ../mem_test_bsp/\libhal_bsp.a(alt_usleep.o)
                                 0xf0 (size before relaxing)
 .debug_str     0x00000305       0xac ../mem_test_bsp/\libhal_bsp.a(alt_sys_init.o)
                                0x1b3 (size before relaxing)
 .debug_str     0x000003b1       0x42 ../mem_test_bsp/\libhal_bsp.a(alt_busy_sleep.o)
                                0x113 (size before relaxing)
 .debug_str     0x000003f3       0x34 ../mem_test_bsp/\libhal_bsp.a(alt_dcache_flush_all.o)
                                 0xfd (size before relaxing)
 .debug_str     0x00000427       0x34 ../mem_test_bsp/\libhal_bsp.a(alt_icache_flush_all.o)
                                 0xfd (size before relaxing)
 .debug_str     0x0000045b       0x3b ../mem_test_bsp/\libhal_bsp.a(altera_nios2_qsys_irq.o)
                                0x104 (size before relaxing)
 .debug_str     0x00000496       0x2c ../mem_test_bsp/\libhal_bsp.a(alt_icache_flush.o)
                                0x103 (size before relaxing)
 .debug_str     0x000004c2      0x108 d:/altera/13.0/nios2eds/bin/gnu/h-i686-mingw32/bin/../lib/gcc/nios2-elf/4.1.2\libgcc.a(lib2-divmod.o)
                                0x1b1 (size before relaxing)

.debug_loc      0x00000000      0x3ef
 *(.debug_loc)
 .debug_loc     0x00000000      0x12c obj/default/memtest_small.o
 .debug_loc     0x0000012c       0x1f ../mem_test_bsp/\libhal_bsp.a(alt_load.o)
 .debug_loc     0x0000014b       0x1f ../mem_test_bsp/\libhal_bsp.a(alt_main.o)
 .debug_loc     0x0000016a       0x13 ../mem_test_bsp/\libhal_bsp.a(alt_usleep.o)
 .debug_loc     0x0000017d       0x32 ../mem_test_bsp/\libhal_bsp.a(alt_sys_init.o)
 .debug_loc     0x000001af       0x5b ../mem_test_bsp/\libhal_bsp.a(alt_busy_sleep.o)
 .debug_loc     0x0000020a       0x13 ../mem_test_bsp/\libhal_bsp.a(alt_icache_flush.o)
 .debug_loc     0x0000021d      0x1d2 d:/altera/13.0/nios2eds/bin/gnu/h-i686-mingw32/bin/../lib/gcc/nios2-elf/4.1.2\libgcc.a(lib2-divmod.o)

.debug_macinfo
 *(.debug_macinfo)

.debug_weaknames
 *(.debug_weaknames)

.debug_funcnames
 *(.debug_funcnames)

.debug_typenames
 *(.debug_typenames)

.debug_varnames
 *(.debug_varnames)

.debug_alt_sim_info
                0x00000000       0x60
 *(.debug_alt_sim_info)
 .debug_alt_sim_info
                0x00000000       0x30 ../mem_test_bsp//obj/HAL/src/crt0.o
 .debug_alt_sim_info
                0x00000030       0x30 ../mem_test_bsp/\libhal_bsp.a(alt_busy_sleep.o)
                0x00004000                __alt_data_end = 0x4000
                0x00004000                PROVIDE (__alt_stack_pointer, __alt_data_end)
                0x000006bc                PROVIDE (__alt_stack_limit, __alt_stack_base)
                0x000006bc                PROVIDE (__alt_heap_start, end)
                0x00004000                PROVIDE (__alt_heap_limit, 0x4000)
OUTPUT(mem_test.elf elf32-littlenios2)

.debug_ranges   0x00000000      0x140
 .debug_ranges  0x00000000       0x20 ../mem_test_bsp//obj/HAL/src/crt0.o
 .debug_ranges  0x00000020      0x120 obj/default/memtest_small.o
